node.exe : [33mThe 
CJS build of Vite's 
Node API is 
deprecated. See https:/
/vite.dev/guide/trouble
shooting.html#vite-cjs-
node-api-deprecated 
for more details.[39m
At C:\nvm4w\nodejs\npx.
ps1:16 char:5
+     & 
"$basedir/node$exe"  "$
basedir/node_modules/np
m/bin/npx-cli.js" ...
+     ~~~~~~~~~~~~~~~~~
~~~~~~~~~~~~~~~~~~~~~~~
~~~~~~~~~~~~~~~~~~~~~~~
~~
    + CategoryInfo     
         : NotSpecifi  
  ed: ([33mThe CJS    
 bu...e details.[3    
9m:String) [], Rem    
oteException
    + FullyQualifiedEr 
   rorId : NativeComm  
  andError
 

[7m[1m[36m RUN [39m[22m[27m [36mv0.34.6[39m [90mD:/fork/1ai-joki-engine[39m

[90mstdout[2m | unknown test[22m[39m
[JobQueue] initialized.

[90mstdout[2m | src/routes/jobs.test.ts[2m > [22m[2mJobs API[2m > [22m[2mcreates schedules with valid cron[22m[39m
sqlite: applied migration 001_create_core_tables.sql
sqlite: applied migration 002_add_template_type.sql
sqlite: applied migration 003_create_runtime_settings.sql
sqlite: applied migration 004_create_campaigns.sql
sqlite: applied migration 005_create_link_clicks.sql
sqlite: applied migration 006_create_leads.sql
sqlite: applied migration 007_update_jobs_schema.sql
sqlite: applied migration 008_targets_table.sql
sqlite: applied migration 009_posts_table.sql
sqlite: applied migration 010_unify_posts_schema.sql
sqlite: applied migration 011_persistent_scheduler.sql

[90mstdout[2m | src/routes/jobs.test.ts[2m > [22m[2mJobs API[2m > [22m[2mrejects invalid cron[22m[39m
sqlite: applied migration 001_create_core_tables.sql
sqlite: applied migration 002_add_template_type.sql
sqlite: applied migration 003_create_runtime_settings.sql
sqlite: applied migration 004_create_campaigns.sql
sqlite: applied migration 005_create_link_clicks.sql
sqlite: applied migration 006_create_leads.sql
sqlite: applied migration 007_update_jobs_schema.sql
sqlite: applied migration 008_targets_table.sql
sqlite: applied migration 009_posts_table.sql
sqlite: applied migration 010_unify_posts_schema.sql
sqlite: applied migration 011_persistent_scheduler.sql

 [32mΓ£ô[39m src/routes/jobs.test.ts[2m > [22mJobs API[2m > [22mcreates schedules with valid cron
[90mstdout[2m | src/routes/jobs.test.ts[2m > [22m[2mJobs API[2m > [22m[2menqueues manual trigger job[22m[39m
sqlite: applied migration 001_create_core_tables.sql
sqlite: applied migration 002_add_template_type.sql
sqlite: applied migration 003_create_runtime_settings.sql
sqlite: applied migration 004_create_campaigns.sql
sqlite: applied migration 005_create_link_clicks.sql
sqlite: applied migration 006_create_leads.sql
sqlite: applied migration 007_update_jobs_schema.sql
sqlite: applied migration 008_targets_table.sql
sqlite: applied migration 009_posts_table.sql
sqlite: applied migration 010_unify_posts_schema.sql
sqlite: applied migration 011_persistent_scheduler.sql

 [32mΓ£ô[39m src/routes/jobs.test.ts[2m > [22mJobs API[2m > [22mrejects invalid cron
[90mstdout[2m | src/routes/jobs.test.ts[2m > [22m[2mJobs API[2m > [22m[2mfires scheduler tick for matching cron[22m[39m
sqlite: applied migration 001_create_core_tables.sql
sqlite: applied migration 002_add_template_type.sql
sqlite: applied migration 003_create_runtime_settings.sql
sqlite: applied migration 004_create_campaigns.sql
sqlite: applied migration 005_create_link_clicks.sql
sqlite: applied migration 006_create_leads.sql
sqlite: applied migration 007_update_jobs_schema.sql
sqlite: applied migration 008_targets_table.sql
sqlite: applied migration 009_posts_table.sql
sqlite: applied migration 010_unify_posts_schema.sql
sqlite: applied migration 011_persistent_scheduler.sql

 [31m├ù[39m src/routes/jobs.test.ts[2m > [22mJobs API[2m > [22menqueues manual trigger job
[31m   ΓåÆ expected '672d8a60-c544-4b4c-9055-be94c567c2f8' to be 'job_123' // Object.is equality[39m
 [32mΓ£ô[39m src/routes/jobs.test.ts[2m > [22mJobs API[2m > [22mfires scheduler tick for matching cron

[31mΓÄ»ΓÄ»ΓÄ»ΓÄ»ΓÄ»ΓÄ»
ΓÄ»[1m[7m Failed 
Tests 1 [27m[22mΓÄ»ΓÄ
»ΓÄ»ΓÄ»ΓÄ»ΓÄ»ΓÄ»[39m

[31m[1m[7m FAIL 
[27m[22m[39m src/rou
tes/jobs.test.ts[2m > 
[22mJobs API[2m > 
[22menqueues manual 
trigger job
[31m[1mAssertionError
[22m: expected '672d8a
60-c544-4b4c-9055-be94c
567c2f8' to be 
'job_123' // Object.is 
equality[39m

[32m- Expected[39m
[31m+ Received[39m

[32m- job_123[39m
[31m+ 672d8a60-c544-4b
4c-9055-be94c567c2f8[3
9m

[36m [2mΓ¥»[22m src/
routes/jobs.test.ts:[2
m79:25[22m[39m
    [90m 77| [39m    
await new Promise(r => 
server.close(() => 
r(null)));
    [90m 78| [39m    
expect(res.status).toBe
(202);
    [90m 79| [39m    
expect(body.job_id).toB
e("job_123");
    [90m   | [39m    
                    
[31m^[39m
    [90m 80| [39m    
expect(queue.enqueuePos
tJob).toHaveBeenCalledT
imes(1);
    [90m 81| [39m  
});

[31m[2mΓÄ»ΓÄ»ΓÄ»ΓÄ»ΓÄ
»ΓÄ»ΓÄ»ΓÄ»ΓÄ»ΓÄ»ΓÄ»ΓÄ»Γ
Ä»ΓÄ»ΓÄ»ΓÄ»ΓÄ»ΓÄ»ΓÄ»ΓÄ»
ΓÄ»ΓÄ»ΓÄ»ΓÄ»[1/1]ΓÄ»[2
2m[39m

[2m Test Files [22m [1m[31m1 failed[39m[22m[90m (1)[39m
[2m      Tests [22m [1m[31m1 failed[39m[22m[2m | [22m[1m[32m3 passed[39m[22m[90m (4)[39m
[2m   Start at [22m 00:50:29
[2m   Duration [22m 1.44s[2m (transform 209ms, setup 81ms, collect 403ms, tests 469ms, environment 0ms, prepare 167ms)[22m

