
[7m[1m[36m RUN [39m[22m[27m [36mv0.34.6[39m [90mD:/fork/1ai-joki-engine[39m

[90mstdout[2m | unknown test[22m[39m
[JobQueue] initialized.

[90mstdout[2m | src/routes/jobs.test.ts[2m > [22m[2mJobs API[2m > [22m[2mcreates schedules with valid cron[22m[39m
sqlite: applied migration 001_create_core_tables.sql
sqlite: applied migration 002_add_template_type.sql
sqlite: applied migration 003_create_runtime_settings.sql
sqlite: applied migration 004_create_campaigns.sql
sqlite: applied migration 005_create_link_clicks.sql
sqlite: applied migration 006_create_leads.sql
sqlite: applied migration 007_update_jobs_schema.sql
sqlite: applied migration 008_targets_table.sql
sqlite: applied migration 009_posts_table.sql
sqlite: applied migration 010_unify_posts_schema.sql
sqlite: applied migration 011_persistent_scheduler.sql

[90mstdout[2m | src/routes/jobs.test.ts[2m > [22m[2mJobs API[2m > [22m[2mrejects invalid cron[22m[39m
sqlite: applied migration 001_create_core_tables.sql
sqlite: applied migration 002_add_template_type.sql
sqlite: applied migration 003_create_runtime_settings.sql
sqlite: applied migration 004_create_campaigns.sql
sqlite: applied migration 005_create_link_clicks.sql
sqlite: applied migration 006_create_leads.sql
sqlite: applied migration 007_update_jobs_schema.sql
sqlite: applied migration 008_targets_table.sql
sqlite: applied migration 009_posts_table.sql
sqlite: applied migration 010_unify_posts_schema.sql
sqlite: applied migration 011_persistent_scheduler.sql

 [32mΓ£ô[39m src/routes/jobs.test.ts[2m > [22mJobs API[2m > [22mcreates schedules with valid cron
[90mstdout[2m | src/routes/jobs.test.ts[2m > [22m[2mJobs API[2m > [22m[2menqueues manual trigger job[22m[39m
sqlite: applied migration 001_create_core_tables.sql
sqlite: applied migration 002_add_template_type.sql
sqlite: applied migration 003_create_runtime_settings.sql
sqlite: applied migration 004_create_campaigns.sql
sqlite: applied migration 005_create_link_clicks.sql
sqlite: applied migration 006_create_leads.sql
sqlite: applied migration 007_update_jobs_schema.sql
sqlite: applied migration 008_targets_table.sql
sqlite: applied migration 009_posts_table.sql
sqlite: applied migration 010_unify_posts_schema.sql
sqlite: applied migration 011_persistent_scheduler.sql

 [32mΓ£ô[39m src/routes/jobs.test.ts[2m > [22mJobs API[2m > [22mrejects invalid cron
[90mstdout[2m | src/routes/jobs.test.ts[2m > [22m[2mJobs API[2m > [22m[2mfires scheduler tick for matching cron[22m[39m
sqlite: applied migration 001_create_core_tables.sql
sqlite: applied migration 002_add_template_type.sql
sqlite: applied migration 003_create_runtime_settings.sql
sqlite: applied migration 004_create_campaigns.sql
sqlite: applied migration 005_create_link_clicks.sql
sqlite: applied migration 006_create_leads.sql
sqlite: applied migration 007_update_jobs_schema.sql
sqlite: applied migration 008_targets_table.sql
sqlite: applied migration 009_posts_table.sql
sqlite: applied migration 010_unify_posts_schema.sql
sqlite: applied migration 011_persistent_scheduler.sql

 [31m├ù[39m src/routes/jobs.test.ts[2m > [22mJobs API[2m > [22menqueues manual trigger job
[31m   ΓåÆ expected '33b63d04-516f-4c7e-a182-92fa1e73a2fc' to be 'job_123' // Object.is equality[39m
 [32mΓ£ô[39m src/routes/jobs.test.ts[2m > [22mJobs API[2m > [22mfires scheduler tick for matching cron

[2m Test Files [22m [1m[31m1 failed[39m[22m[90m (1)[39m
[2m      Tests [22m [1m[31m1 failed[39m[22m[2m | [22m[1m[32m3 passed[39m[22m[90m (4)[39m
[2m   Start at [22m 00:52:30
[2m   Duration [22m 1.34s[2m (transform 182ms, setup 83ms, collect 286ms, tests 478ms, environment 0ms, prepare 180ms)[22m

